{"repo": "onyx-dot-app/onyx", "variant": "blob_none", "outcome": "ok", "partialclonefilter": "blob:none", "filter_actually_applied": true, "clone_s": 56.9, "pipeline_s": 0.8, "total_s": 57.7, "within_timeout": true, "size_kb": 121550, "lazy_fetches": 0, "parent_resolved": true, "derived_files": 3, "scan_outcome": "clean"}
{"repo": "onyx-dot-app/onyx", "variant": "blob_limit_1m", "outcome": "clone_timeout", "within_timeout": false, "clone_s": 900.0, "stderr": ""}
{"repo": "wandb/weave", "variant": "blob_none", "outcome": "ok", "partialclonefilter": "blob:none", "filter_actually_applied": true, "clone_s": 36.9, "pipeline_s": 1.2, "total_s": 38.0, "within_timeout": true, "size_kb": 67489, "lazy_fetches": 0, "parent_resolved": true, "derived_files": 4, "scan_outcome": "clean"}
{"repo": "wandb/weave", "variant": "blob_limit_1m", "outcome": "ok", "partialclonefilter": "blob:limit=1048576", "filter_actually_applied": true, "clone_s": 433.4, "pipeline_s": 1.2, "total_s": 434.6, "within_timeout": true, "size_kb": 478361, "lazy_fetches": 0, "parent_resolved": true, "derived_files": 4, "scan_outcome": "clean"}
{"repo": "mlflow/mlflow", "variant": "blob_none", "outcome": "ok", "partialclonefilter": "blob:none", "filter_actually_applied": true, "clone_s": 324.4, "pipeline_s": 3.6, "total_s": 328.0, "within_timeout": true, "size_kb": 704950, "lazy_fetches": 0, "parent_resolved": true, "derived_files": 5, "scan_outcome": "clean"}
{"repo": "mlflow/mlflow", "variant": "blob_limit_1m", "outcome": "ok", "partialclonefilter": "blob:limit=1048576", "filter_actually_applied": true, "clone_s": 497.2, "pipeline_s": 3.0, "total_s": 500.2, "within_timeout": true, "size_kb": 899926, "lazy_fetches": 0, "parent_resolved": true, "derived_files": 5, "scan_outcome": "clean"}
Traceback (most recent call last):
  File "E:\Code\quanta_mind\research\phase0\audit\partial_clone.py", line 88, in <module>
    raise SystemExit(main())
  File "E:\Code\quanta_mind\research\phase0\audit\partial_clone.py", line 62, in main
    row = probe(entry["repo"], variant, flags, entry, WORK)
  File "E:\Code\quanta_mind\research\phase0\audit\clone_variants.py", line 157, in probe
    "size_kb": _tree_size_kb(target),
  File "E:\Code\quanta_mind\research\phase0\audit\clone_variants.py", line 81, in _tree_size_kb
    return sum(f.stat().st_size for f in target.rglob("*") if f.is_file()) // 1024
  File "E:\Code\quanta_mind\research\phase0\audit\clone_variants.py", line 81, in <genexpr>
    return sum(f.stat().st_size for f in target.rglob("*") if f.is_file()) // 1024
  File "C:\Users\dhanu\AppData\Roaming\uv\python\cpython-3.10-windows-x86_64-none\lib\pathlib.py", line 1047, in rglob
    for p in selector.select_from(self):
  File "C:\Users\dhanu\AppData\Roaming\uv\python\cpython-3.10-windows-x86_64-none\lib\pathlib.py", line 493, in _select_from
    for p in successor_select(starting_point, is_dir, exists, scandir):
  File "C:\Users\dhanu\AppData\Roaming\uv\python\cpython-3.10-windows-x86_64-none\lib\pathlib.py", line 440, in _select_from
    with scandir(parent_path) as scandir_it:
FileNotFoundError: [WinError 3] The system cannot find the path specified: 'E:\\Code\\quanta_mind\\research\\phase0\\data\\partial_clone_probe\\dagster-io__dagster__blob_none\\python_modules\\automation\\python_modules\\automation\\automation_tests\\dagster_dev_tests\\ai_review_tests\\python_modules\\automation\\automation_tests\\dagster_dev_tests\\ai_review_tests'
