608 eligible across 90 repos; re-walking 8 repo(s) — rescan: blob_none_A29_contents_assert
resuming: 82 repos journalled, 236 attempts
[1/8] Azure/azure-sdk-for-python (4 PRs)
     #39942: rejected [no_python/restricted]
     #40333: 101 files, 203 symbols, clean
     #40382: 7 files, 15 symbols, clean
     #40443: 12 files, 3 symbols, unscannable
[2/8] airbytehq/airbyte (4 PRs)
     #50971: rejected [no_python/restricted]
     #51585: 5 files, 2 symbols, clean
     #53686: rejected [no_python/restricted]
     #54677: rejected [no_symbols/restricted]
[3/8] bruin-data/ingestr (4 PRs)
     #199: rejected [no_symbols/restricted]
     #207: rejected [no_symbols/restricted]
     #208: 1 files, 1 symbols, clean
     #264: 4 files, 6 symbols, clean
[4/8] dagster-io/dagster (4 PRs)
     #27142: rejected [no_symbols/restricted]
     #28149: 4 files, 2 symbols, clean
     #28479: rejected [no_python/restricted]
     #30693: 14 files, 3 symbols, clean
[5/8] getsentry/sentry (4 PRs)
     #84390: 1 files, 1 symbols, clean
     #85102: 5 files, 7 symbols, clean
     #87169: rejected [no_symbols/restricted]
     #88748: 4 files, 5 symbols, clean
[6/8] mlflow/mlflow (4 PRs)
     #14265: 5 files, 16 symbols, clean
     #14304: 14 files, 14 symbols, unscannable
     #14342: 1 files, 1 symbols, clean
     #14364: rejected [no_python/restricted]
[7/8] onyx-dot-app/onyx (4 PRs)
     #3634: 3 files, 2 symbols, clean
     #3997: 1 files, 1 symbols, clean
     #4293: rejected [no_symbols/restricted]
     #4353: 1 files, 2 symbols, clean
[8/8] wandb/weave (3 PRs)
     #3358: 4 files, 5 symbols, clean
     #3916: 2 files, 2 symbols, clean
     #4595: rejected [no_python/restricted]

{
  "repositories_visited": 8,
  "clone_failures": 0,
  "prs_attempted": 267,
  "records_built": 158,
  "admission_rate": 0.5918,
  "rejected_by_stage": {
    "no_symbols": 51,
    "no_python": 14,
    "clone_failed": 35,
    "file_set": 1,
    "parent_commit": 5,
    "merge_metadata": 3
  },
  "rejected_by_category": {
    "restricted": 65,
    "resource": 38,
    "integrity": 6
  },
  "attrition_by_commit_count": {
    "1": {
      "n": 86,
      "admitted": 54,
      "admission_rate": 0.6279,
      "by_stage": {
        "no_symbols": 29,
        "parent_commit": 3
      }
    },
    "2-5": {
      "n": 99,
      "admitted": 68,
      "admission_rate": 0.6869,
      "by_stage": {
        "no_symbols": 19,
        "no_python": 10,
        "file_set": 1,
        "parent_commit": 1
      }
    },
    "6-20": {
      "n": 37,
      "admitted": 31,
      "admission_rate": 0.8378,
      "by_stage": {
        "no_symbols": 2,
        "no_python": 4
      }
    },
    "21+": {
      "n": 7,
      "admitted": 5,
      "admission_rate": 0.7143,
      "by_stage": {
        "parent_commit": 1,
        "no_symbols": 1
      }
    }
  },
  "attrition_by_corpus_file_count": {
    "1-4": {
      "n": 155,
      "admitted": 86,
      "admission_rate": 0.5548,
      "by_stage": {
        "no_symbols": 45,
        "no_python": 5,
        "clone_failed": 14,
        "file_set": 1,
        "parent_commit": 1,
        "merge_metadata": 3
      }
    },
    "5-15": {
      "n": 68,
      "admitted": 42,
      "admission_rate": 0.6176,
      "by_stage": {
        "no_symbols": 6,
        "clone_failed": 13,
        "no_python": 4,
        "parent_commit": 3
      }
    },
    "16-50": {
      "n": 26,
      "admitted": 19,
      "admission_rate": 0.7308,
      "by_stage": {
        "no_python": 3,
        "clone_failed": 3,
        "parent_commit": 1
      }
    },
    "51+": {
      "n": 18,
      "admitted": 11,
      "admission_rate": 0.6111,
      "by_stage": {
        "clone_failed": 5,
        "no_python": 2
      }
    }
  },
  "file_set_disagreement_by_changed_lines": {
    "quartiles": {
      "Q1": {
        "n": 58,
        "file_set_rejections": 0,
        "disagreement_rate": 0.0,
        "changed_lines_range": [
          0,
          13
        ]
      },
      "Q2": {
        "n": 59,
        "file_set_rejections": 0,
        "disagreement_rate": 0.0,
        "changed_lines_range": [
          14,
          64
        ]
      },
      "Q3": {
        "n": 56,
        "file_set_rejections": 0,
        "disagreement_rate": 0.0,
        "changed_lines_range": [
          65,
          296
        ]
      },
      "Q4": {
        "n": 56,
        "file_set_rejections": 1,
        "disagreement_rate": 0.0179,
        "changed_lines_range": [
          297,
          11193
        ]
      }
    },
    "cut_points": {
      "q1": 13,
      "q2": 64,
      "q3": 296
    },
    "unmeasured": 38
  },
  "median_changed_files": 3,
  "median_changed_symbols": 3,
  "distinct_repos_in_records": 77,
  "top_repo_share": 0.0253,
  "star_band": {
    ">=500": 158
  },
  "outcome_unscannable": 7,
  "breakage_rate_default_branch": 0.2331,
  "breakage_rate_other_branch": 0.2778,
  "scanned_on_default": 133,
  "scanned_off_default": 18,
  "outcome_scanned": 151,
  "outcome_broke": 36,
  "breakage_rate": 0.2384,
  "merge_on_base_all_attempts": {
    "yes": 215,
    "no": 3,
    "unknown": 49
  },
  "merge_on_base_admitted": {
    "yes": 151,
    "unknown": 6,
    "no": 1
  }
}

written to results/rescan_eight_v2.json
