  scrapy/scrapy                  #95     merged 2012-02-24  2 py files
  scrapy/scrapy                  #96     merged 2012-02-27  2 py files
  scrapy/scrapy                  #97     merged 2012-02-29  10 py files
  scrapy/scrapy                  #98     merged 2012-03-05  2 py files
  scrapy/scrapy                  #111    merged 2012-04-13  5 py files
  scrapy/scrapy                  #116    merged 2012-04-13  2 py files
  scrapy/scrapy                  #117    merged 2012-04-13  8 py files
  scrapy/scrapy                  #119    merged 2012-04-19  2 py files
  scrapy/scrapy                  #121    merged 2012-04-19  2 py files
  scrapy/scrapy                  #128    merged 2012-05-03  2 py files
  scrapy/scrapy                  #130    merged 2012-05-07  2 py files
  scrapy/scrapy                  #145    merged 2012-06-25  2 py files
  scrapy/scrapy                  #147    merged 2012-06-25  2 py files
  scrapy/scrapy                  #160    merged 2012-08-09  3 py files
  celery/celery                  #186    merged 2010-09-20  2 py files
  celery/celery                  #215    merged 2010-10-15  4 py files
  celery/celery                  #219    merged 2010-10-20  9 py files
  celery/celery                  #220    merged 2010-10-20  9 py files
  celery/celery                  #250    merged 2010-11-24  2 py files
  celery/celery                  #256    merged 2010-12-03  5 py files
  celery/celery                  #262    merged 2010-12-01  3 py files
  celery/celery                  #270    merged 2010-12-18  2 py files
  celery/celery                  #272    merged 2010-12-18  2 py files
  celery/celery                  #274    merged 2010-12-05  3 py files
  celery/celery                  #282    merged 2011-01-06  2 py files
  celery/celery                  #312    merged 2011-02-03  2 py files
  celery/celery                  #329    merged 2011-02-18  4 py files
  celery/celery                  #333    merged 2011-02-19  2 py files
  pallets/flask                  #307    merged 2011-08-31  4 py files
  pallets/flask                  #309    merged 2011-09-07  2 py files
  pallets/flask                  #409    merged 2012-02-24  2 py files
  pallets/flask                  #413    merged 2012-06-25  3 py files
  pallets/flask                  #415    merged 2012-03-01  2 py files
  pallets/flask                  #430    merged 2012-03-13  2 py files
  pallets/flask                  #433    merged 2012-03-13  2 py files
  pallets/flask                  #437    merged 2012-03-14  2 py files
  pallets/flask                  #439    merged 2012-04-01  3 py files
  pallets/flask                  #497    merged 2012-06-17  2 py files
  pallets/flask                  #591    merged 2012-10-07  4 py files
  pallets/flask                  #614    merged 2012-10-17  2 py files
  pallets/flask                  #667    merged 2013-01-25  2 py files
  pallets/flask                  #687    merged 2013-03-21  4 py files
  psf/requests                   #8      merged 2011-02-24  2 py files
  psf/requests                   #10     merged 2011-03-07  2 py files
  psf/requests                   #26     merged 2011-05-12  2 py files
  psf/requests                   #28     merged 2011-05-12  2 py files
  psf/requests                   #29     merged 2011-05-14  2 py files
  psf/requests                   #32     merged 2011-05-19  3 py files
  psf/requests                   #34     merged 2011-05-20  5 py files
  psf/requests                   #35     merged 2011-05-21  4 py files
  psf/requests                   #66     merged 2011-06-21  2 py files
  psf/requests                   #77     merged 2011-06-24  2 py files
  psf/requests                   #89     merged 2011-07-24  2 py files
  psf/requests                   #93     merged 2011-07-24  2 py files
  psf/requests                   #100    merged 2011-08-09  2 py files
  psf/requests                   #113    merged 2011-08-16  2 py files
  tornadoweb/tornado             #232    merged 2011-03-15  2 py files
  tornadoweb/tornado             #273    merged 2011-08-29  8 py files
  tornadoweb/tornado             #302    merged 2011-07-17  5 py files
  tornadoweb/tornado             #322    merged 2011-08-03  2 py files
  tornadoweb/tornado             #336    merged 2011-08-28  4 py files
  tornadoweb/tornado             #340    merged 2011-08-21  2 py files
  tornadoweb/tornado             #307    merged 2011-08-28  3 py files
  tornadoweb/tornado             #353    merged 2011-09-15  2 py files
  tornadoweb/tornado             #356    merged 2011-09-10  6 py files
  tornadoweb/tornado             #357    merged 2011-12-09  4 py files
  tornadoweb/tornado             #359    merged 2011-12-16  2 py files
  tornadoweb/tornado             #368    merged 2012-01-18  2 py files
  tornadoweb/tornado             #397    merged 2011-11-14  2 py files
  tornadoweb/tornado             #406    merged 2012-01-22  2 py files
  encode/django-rest-framework   #18     merged 2011-06-08  2 py files
  encode/django-rest-framework   #23     merged 2011-06-10  3 py files
  encode/django-rest-framework   #35     merged 2011-07-01  2 py files
  encode/django-rest-framework   #40     merged 2011-07-02  2 py files
  encode/django-rest-framework   #44     merged 2011-07-11  3 py files
  encode/django-rest-framework   #45     merged 2011-07-11  2 py files
  encode/django-rest-framework   #46     merged 2011-07-11  5 py files
  encode/django-rest-framework   #52     merged 2011-07-19  3 py files
  encode/django-rest-framework   #62     merged 2011-12-09  4 py files
  encode/django-rest-framework   #90     merged 2011-12-11  4 py files
  encode/django-rest-framework   #109    merged 2012-01-04  5 py files
  encode/django-rest-framework   #111    merged 2012-01-05  3 py files
  encode/django-rest-framework   #119    merged 2012-01-11  5 py files
  encode/django-rest-framework   #120    merged 2012-01-11  2 py files
  psf/black                      #25     merged 2018-03-19  2 py files
  psf/black                      #36     merged 2018-03-17  3 py files
  psf/black                      #94     merged 2018-03-31  3 py files
  psf/black                      #105    merged 2018-04-04  2 py files
  psf/black                      #110    merged 2018-04-05  2 py files
  psf/black                      #115    merged 2018-04-09  4 py files
  psf/black                      #126    merged 2018-04-12  2 py files
  psf/black                      #128    merged 2018-04-13  2 py files
  psf/black                      #136    merged 2018-04-19  3 py files
  psf/black                      #138    merged 2018-04-17  2 py files
  psf/black                      #161    merged 2018-04-23  2 py files
  psf/black                      #163    merged 2018-04-24  2 py files
  psf/black                      #165    merged 2018-08-20  3 py files
  psf/black                      #166    merged 2018-04-24  3 py files
  pallets/click                  #83     merged 2014-05-14  2 py files
  pallets/click                  #95     merged 2014-05-26  2 py files
  pallets/click                  #100    merged 2014-05-28  2 py files
  pallets/click                  #104    merged 2014-05-30  2 py files
  pallets/click                  #123    merged 2014-06-06  2 py files
  pallets/click                  #151    merged 2014-06-14  2 py files
  pallets/click                  #153    merged 2014-06-26  9 py files
  pallets/click                  #212    merged 2014-09-09  2 py files
  pallets/click                  #225    merged 2015-01-29  2 py files
  pallets/click                  #240    merged 2015-03-31  2 py files
  pallets/click                  #252    merged 2015-01-29  2 py files
  pallets/click                  #285    merged 2015-01-29  2 py files
  pallets/click                  #294    merged 2015-03-31  9 py files
  pallets/click                  #315    merged 2015-04-26  2 py files
  kennethreitz/records           #16     merged 2016-02-08  2 py files
  kennethreitz/records           #43     merged 2016-11-22  2 py files
  kennethreitz/records           #55     merged 2016-11-22  2 py files
  kennethreitz/records           #58     merged 2016-11-15  2 py files
  kennethreitz/records           #118    merged 2017-12-11  2 py files
  kennethreitz/records           #119    merged 2018-02-13  2 py files
  kennethreitz/records           #126    merged 2018-02-13  2 py files
  kennethreitz/records           #127    merged 2018-02-16  2 py files
  kennethreitz/records           #140    merged 2018-04-26  2 py files
  kennethreitz/records           #143    merged 2018-04-26  2 py files
  kennethreitz/records           #147    merged 2018-04-28  4 py files
  benoitc/gunicorn               #206    merged 2011-05-11  4 py files
  benoitc/gunicorn               #257    merged 2011-09-19  5 py files
  benoitc/gunicorn               #426    merged 2012-10-26  2 py files
  benoitc/gunicorn               #471    merged 2015-12-24  2 py files
  benoitc/gunicorn               #552    merged 2013-06-23  3 py files
  benoitc/gunicorn               #555    merged 2013-06-20  2 py files
  benoitc/gunicorn               #556    merged 2013-06-21  2 py files
  benoitc/gunicorn               #583    merged 2013-08-06  2 py files
  benoitc/gunicorn               #601    merged 2013-08-27  9 py files
  benoitc/gunicorn               #667    merged 2013-12-26  2 py files
  benoitc/gunicorn               #670    merged 2014-01-01  3 py files
  benoitc/gunicorn               #673    merged 2014-01-01  2 py files
  benoitc/gunicorn               #682    merged 2014-01-29  4 py files
  benoitc/gunicorn               #690    merged 2014-02-06  2 py files
  boto/boto3                     #1      merged 2014-10-06  4 py files
  boto/boto3                     #2      merged 2014-10-06  2 py files
  boto/boto3                     #4      merged 2014-10-22  4 py files
  boto/boto3                     #5      merged 2014-10-16  2 py files
  boto/boto3                     #8      merged 2014-10-28  4 py files
  boto/boto3                     #9      merged 2014-11-04  4 py files
  boto/boto3                     #10     merged 2014-11-06  8 py files
  boto/boto3                     #11     merged 2014-11-04  3 py files
  boto/boto3                     #12     merged 2014-11-04  4 py files
  boto/boto3                     #13     merged 2014-11-07  3 py files
  boto/boto3                     #15     merged 2014-11-07  2 py files
  boto/boto3                     #17     merged 2014-11-11  3 py files
  boto/boto3                     #19     merged 2014-11-11  2 py files
  boto/boto3                     #20     merged 2014-11-17  2 py files
  getsentry/responses            #2      merged 2013-12-04  2 py files
  getsentry/responses            #3      merged 2013-12-05  2 py files
  getsentry/responses            #4      merged 2013-12-05  2 py files
  getsentry/responses            #8      merged 2014-01-13  2 py files
  getsentry/responses            #18     merged 2014-10-13  2 py files
  getsentry/responses            #22     merged 2014-10-13  2 py files
  getsentry/responses            #24     merged 2014-07-20  3 py files
  getsentry/responses            #25     merged 2014-08-11  2 py files
  getsentry/responses            #33     merged 2014-09-22  2 py files
  getsentry/responses            #35     merged 2014-10-13  2 py files
  getsentry/responses            #36     merged 2014-10-13  2 py files
  getsentry/responses            #43     merged 2014-11-30  2 py files
  getsentry/responses            #45     merged 2015-03-06  2 py files
  getsentry/responses            #46     merged 2015-03-06  3 py files

  165 pull requests, all merged before 2022-01-01
  every one passes the outcome-window check, so a later-fix relevance test is possible
