<unknown>:177: SyntaxWarning: invalid escape sequence '\w'
<unknown>:180: SyntaxWarning: invalid escape sequence '\d'
<unknown>:188: SyntaxWarning: invalid escape sequence '\w'
<unknown>:226: SyntaxWarning: invalid escape sequence '\('
<unknown>:174: SyntaxWarning: invalid escape sequence '\w'
<unknown>:177: SyntaxWarning: invalid escape sequence '\d'
<unknown>:185: SyntaxWarning: invalid escape sequence '\w'
<unknown>:1173: SyntaxWarning: invalid escape sequence '\s'
<unknown>:1166: SyntaxWarning: invalid escape sequence '\s'
<unknown>:1236: SyntaxWarning: invalid escape sequence '\s'
<unknown>:1274: SyntaxWarning: invalid escape sequence '\s'
<unknown>:165: SyntaxWarning: invalid escape sequence '\?'
<unknown>:165: SyntaxWarning: invalid escape sequence '\?'
<unknown>:168: SyntaxWarning: invalid escape sequence '\?'
<unknown>:171: SyntaxWarning: invalid escape sequence '\?'
<unknown>:171: SyntaxWarning: invalid escape sequence '\?'
<unknown>:118: SyntaxWarning: invalid escape sequence '\{'
<unknown>:118: SyntaxWarning: invalid escape sequence '\{'
<unknown>:676: SyntaxWarning: invalid escape sequence '\s'
<unknown>:88: SyntaxWarning: invalid escape sequence '\s'
<unknown>:26: SyntaxWarning: invalid escape sequence '\['
<unknown>:101: SyntaxWarning: invalid escape sequence '\d'
  278 requests over 165 pull requests, all merged before 2022
  [  1/278] scrapy           #95     test_from_content_ty 1 findings ['CONFIRMED']
  [  2/278] scrapy           #96     test_cookiejar_key   1 findings ['REFUSED']
  [  3/278] scrapy           #96     process_request      1 findings ['CONFIRMED']
  [  4/278] scrapy           #96     process_response     1 findings ['CONFIRMED']
  [  5/278] scrapy           #97     _auto_detect_fun     1 findings ['REFUSED']
  [  6/278] scrapy           #97     _body_inferred_encod 0 findings []
  [  7/278] scrapy           #97     test_encoding        1 findings ['REFUSED']
  [  8/278] scrapy           #111    _get_clickable       2 findings ['CRASHED', 'CRASHED']
  [  9/278] scrapy           #111    _get_form            1 findings ['CONFIRMED']
  [ 10/278] scrapy           #111    test_from_response_m 1 findings ['CONFIRMED']
  [ 11/278] scrapy           #116    select               1 findings ['REFUSED']
  [ 12/278] scrapy           #116    root                 1 findings ['CONFIRMED']
  [ 13/278] scrapy           #117    test_caching         1 findings ['CONFIRMED']
  [ 14/278] scrapy           #117    __del__              1 findings ['CONFIRMED']
  [ 15/278] scrapy           #117    xmlDoc_from_html     1 findings ['REFUSED']
  [ 16/278] scrapy           #119    test_extraction_over 1 findings ['CRASHED']
  [ 17/278] scrapy           #119    extract_from_selecto 1 findings ['REFUSED']
  [ 18/278] scrapy           #119    _img_attr            1 findings ['REFUSED']
  [ 19/278] scrapy           #121    test_from_response_m 0 findings []
  [ 20/278] scrapy           #121    _get_inputs          2 findings ['REFUSED', 'CONFIRMED']
  [ 21/278] scrapy           #128    test_canonicalize_ur 1 findings ['REFUSED']
  [ 22/278] scrapy           #128    canonicalize_url     1 findings ['REFUSED']
  [ 23/278] scrapy           #130    extract              1 findings ['REFUSED']
  [ 24/278] scrapy           #145    test_complex_cookies 1 findings ['REFUSED']
  [ 25/278] scrapy           #145    _get_request_cookies 1 findings ['CRASHED']
  [ 26/278] scrapy           #145    _format_cookie       1 findings ['REFUSED']
  [ 27/278] scrapy           #147    items                1 findings ['CONFIRMED']
  [ 28/278] scrapy           #147    __init__             1 findings ['REFUSED']
  [ 29/278] scrapy           #160    test_default_field_v 1 findings ['REFUSED']
  [ 30/278] scrapy           #160    save                 1 findings ['CONFIRMED']
  [ 31/278] celery           #186    __init__             0 findings []
  [ 32/278] celery           #186    _expand_range        1 findings ['CONFIRMED']
  [ 33/278] celery           #186    parse                1 findings ['REFUSED']
  [ 34/278] celery           #215    setup_logging        1 findings ['REFUSED']
  [ 35/278] celery           #262    __init__             1 findings ['CONFIRMED']
  [ 36/278] celery           #262    as_uri               1 findings ['CONFIRMED']
  [ 37/278] celery           #262    mark_as_done         2 findings ['CONFIRMED', 'CONFIRMED']
  [ 38/278] celery           #274    format_row           1 findings ['CONFIRMED']
  [ 39/278] celery           #274    __init__             1 findings ['REFUSED']
  [ 40/278] celery           #274    selection_result     1 findings ['CONFIRMED']
  [ 41/278] celery           #282    __init__             1 findings ['CONFIRMED']
  [ 42/278] celery           #329    graph                1 findings ['REFUSED']
  [ 43/278] flask            #307    route                1 findings ['CRASHED']
  [ 44/278] flask            #307    add_url_rule         1 findings ['CRASHED']
  [ 45/278] flask            #307    decorator            1 findings ['REFUSED']
  [ 46/278] flask            #309    session_transaction  1 findings ['CRASHED']
  [ 47/278] flask            #409    test_iterable_loader 1 findings ['CRASHED']
  [ 48/278] flask            #409    index                0 findings []
  [ 49/278] flask            #409    render_template      1 findings ['REFUSED']
  [ 50/278] flask            #413    test_urls            1 findings ['CRASHED']
  [ 51/278] flask            #413    show                 0 findings []
  [ 52/278] flask            #413    setUp                1 findings ['CONFIRMED']
  [ 53/278] flask            #433    test_static_file     1 findings ['REFUSED']
  [ 54/278] flask            #433    get_static_file_opti 1 findings ['CONFIRMED']
  [ 55/278] flask            #433    get_static_file_opti 1 findings ['REFUSED']
  [ 56/278] flask            #437    jsonify              1 findings ['CONFIRMED']
  [ 57/278] flask            #437    test_jsonify         1 findings ['CRASHED']
  [ 58/278] flask            #437    return_padded_json_c 1 findings ['CONFIRMED']
  [ 59/278] flask            #439    test_json_bad_reques 1 findings ['CRASHED']
  [ 60/278] flask            #439    get_body             1 findings ['CONFIRMED']
  [ 61/278] flask            #439    get_headers          1 findings ['CONFIRMED']
  [ 62/278] flask            #591    test_suppressed_exce 1 findings ['CONFIRMED']
  [ 63/278] flask            #591    log_exception        0 findings []
  [ 64/278] flask            #667    test_url_for_with_sc 0 findings []
  [ 65/278] flask            #667    test_url_for_with_sc 0 findings []
  [ 66/278] flask            #667    index                0 findings []
  [ 67/278] flask            #687    test_flash_signal    1 findings ['CRASHED']
  [ 68/278] flask            #687    index                1 findings ['CRASHED']
  [ 69/278] flask            #687    record               0 findings []
  [ 70/278] requests         #26     __init__             1 findings ['CONFIRMED']
  [ 71/278] requests         #26     __exit__             1 findings ['REFUSED']
  [ 72/278] requests         #26     __enter__            1 findings ['CONFIRMED']
  [ 73/278] requests         #28     test_unicode_get     0 findings []
  [ 74/278] requests         #29     test_POSTBIN_GET_POS 2 findings ['REFUSED', 'CONFIRMED']
  [ 75/278] requests         #29     test_POSTBIN_GET_POS 1 findings ['CONFIRMED']
  [ 76/278] requests         #32     test_settings        1 findings ['REFUSED']
  [ 77/278] requests         #32     _cache_settings      1 findings ['CONFIRMED']
  [ 78/278] requests         #32     _alter_settings      1 findings ['CONFIRMED']
  [ 79/278] requests         #34     test_settings        1 findings ['REFUSED']
  [ 80/278] requests         #34     request              1 findings ['REFUSED']
  [ 81/278] requests         #35     request              0 findings []
  [ 82/278] requests         #35     __init__             1 findings ['CONFIRMED']
  [ 83/278] requests         #66     request              1 findings ['CONFIRMED']
  [ 84/278] requests         #66     delete               1 findings ['CONFIRMED']
  [ 85/278] requests         #66     get                  1 findings ['CONFIRMED']
  [ 86/278] requests         #77     test_idna            0 findings []
  [ 87/278] requests         #89     test_urlencoded_post 1 findings ['REFUSED']
  [ 88/278] requests         #89     test_urlencoded_post 0 findings []
  [ 89/278] requests         #89     test_urlencoded_get_ 0 findings []
  [ 90/278] requests         #93     get                  0 findings []
  [ 91/278] requests         #93     lower_keys           1 findings ['REFUSED']
  [ 92/278] requests         #93     __delitem__          0 findings []
  [ 93/278] requests         #100    request              1 findings ['REFUSED']
  [ 94/278] tornado          #232    set_environ          1 findings ['REFUSED']
  [ 95/278] tornado          #232    test_wait_timeout    2 findings ['CONFIRMED', 'CONFIRMED']
  [ 96/278] tornado          #273    executemany_rowcount 1 findings ['CONFIRMED']
  [ 97/278] tornado          #273    execute_rowcount     1 findings ['CRASHED']
  [ 98/278] tornado          #273    prepare              0 findings []
  [ 99/278] tornado          #302    _testNoWriter        1 findings ['REFUSED']
  [100/278] tornado          #302    _testReadWrite       1 findings ['CONFIRMED']
  [101/278] tornado          #302    addReader            0 findings []
  [102/278] tornado          #336    prepare              1 findings ['REFUSED']
  [103/278] tornado          #336    test_types           1 findings ['REFUSED']
  [104/278] tornado          #340    test_custom_namespac 1 findings ['REFUTED']
  [105/278] tornado          #307    test_hello_world     1 findings ['CONFIRMED']
  [106/278] tornado          #356    __getattr__          1 findings ['REFUSED']
  [107/278] tornado          #356    parse_multipart_form 0 findings []
  [108/278] tornado          #356    __setattr__          1 findings ['CONFIRMED']
  [109/278] tornado          #357    test_error_line_numb 0 findings []
  [110/278] tornado          #357    test_error_line_numb 1 findings ['REFUTED']
  [111/278] tornado          #357    test_error_line_numb 0 findings []
  [112/278] tornado          #359    test_comment         1 findings ['CONFIRMED']
  [113/278] tornado          #359    test_expressions     0 findings []
  [114/278] tornado          #359    test_if              0 findings []
  [115/278] tornado          #397    get_app              1 findings ['CRASHED']
  [116/278] tornado          #397    test_get_cookie      1 findings ['REFUSED']
  [117/278] tornado          #397    test_set_cookie_doma 0 findings []
  [118/278] tornado          #406    get_app              1 findings ['CONFIRMED']
  [119/278] tornado          #406    test_static_files    0 findings []
  [120/278] tornado          #406    test_failed_write_er 1 findings ['CRASHED']
  [121/278] django-rest-fram #18     test_tuples          1 findings ['CONFIRMED']
  [122/278] django-rest-fram #18     _model_to_dict       1 findings ['CONFIRMED']
  [123/278] django-rest-fram #23     test_parse           1 findings ['REFUSED']
  [124/278] django-rest-fram #23     test_fail            1 findings ['CRASHED']
  [125/278] django-rest-fram #23     setUp                0 findings []
  [126/278] django-rest-fram #35     get_bound_form       1 findings ['REFUSED']
  [127/278] django-rest-fram #35     get_form_class       1 findings ['CONFIRMED']
  [128/278] django-rest-fram #44     test_creation_with_m 1 findings ['REFUSED']
  [129/278] django-rest-fram #44     test_creation_with_m 1 findings ['CONFIRMED']
  [130/278] django-rest-fram #44     test_creation        1 findings ['CRASHED']
  [131/278] django-rest-fram #45     serialize_model      1 findings ['CONFIRMED']
  [132/278] django-rest-fram #46     test_creation_with_m 1 findings ['REFUSED']
  [133/278] django-rest-fram #46     test_creation_with_m 1 findings ['REFUSED']
  [134/278] django-rest-fram #46     test_creation_with_m 1 findings ['CONFIRMED']
  [135/278] django-rest-fram #52     test_accessing_data_ 1 findings ['CONFIRMED']
  [136/278] django-rest-fram #52     test_accessing_post_ 1 findings ['REFUSED']
  [137/278] django-rest-fram #52     test_accessing_data_ 0 findings []
  [138/278] django-rest-fram #62     _verify_options_resp 1 findings ['CONFIRMED']
  [139/278] django-rest-fram #62     test_options_method_ 1 findings ['REFUSED']
  [140/278] django-rest-fram #62     test_options_method_ 1 findings ['CRASHED']
  [141/278] django-rest-fram #90     setUp                1 findings ['CONFIRMED']
  [142/278] django-rest-fram #90     test_render_datetime 1 findings ['CONFIRMED']
  [143/278] django-rest-fram #90     test_render_string   1 findings ['REFUSED']
  [144/278] django-rest-fram #109    _get_form_instance   1 findings ['REFUSED']
  [145/278] django-rest-fram #109    get_breadcrumbs      0 findings []
  [146/278] django-rest-fram #109    breadcrumbs_recursiv 1 findings ['CONFIRMED']
  [147/278] django-rest-fram #111    test_existing_query_ 1 findings ['REFUSED']
  [148/278] django-rest-fram #119    get_queryset         1 findings ['REFUSED']
  [149/278] django-rest-fram #119    get_model            1 findings ['REFUSED']
  [150/278] django-rest-fram #119    get_url              1 findings ['CONFIRMED']
  [151/278] django-rest-fram #120    test_view_call_final 1 findings ['CONFIRMED']
  [152/278] django-rest-fram #120    final                1 findings ['REFUSED']
  [153/278] django-rest-fram #120    test_options_method_ 0 findings []
  [154/278] black            #25     test_piping          1 findings ['REFUSED']
  [155/278] black            #25     main                 1 findings ['REFUSED']
  [156/278] black            #25     format_stdin_to_stdo 1 findings ['REFUSED']
  [157/278] black            #36     mark                 0 findings []
  [158/278] black            #36     _maybe_empty_lines   1 findings ['CONFIRMED']
  [159/278] black            #36     is_def               1 findings ['REFUTED']
  [160/278] black            #94     is_split_before_deli 1 findings ['CRASHED']
  [161/278] black            #94     is_split_after_delim 0 findings []
  [162/278] black            #94     is_delimiter         1 findings ['CONFIRMED']
  [163/278] black            #105    normalize_string_quo 1 findings ['REFUSED']
  [164/278] black            #110    normalize_string_quo 0 findings []
  [165/278] black            #115    normalize_string_quo 1 findings ['CRASHED']
  [166/278] black            #115    _combinations        1 findings ['REFUSED']
  [167/278] black            #126    test_expression_ff   1 findings ['REFUSED']
  [168/278] black            #126    dump_to_file         1 findings ['REFUSED']
  [169/278] black            #128    normalize_string_quo 0 findings []
  [170/278] black            #128    sub_twice            0 findings []
  [171/278] black            #136    schedule_formatting  1 findings ['CONFIRMED']
  [172/278] black            #136    run_single_file_mode 1 findings ['REFUSED']
  [173/278] black            #136    test_report          1 findings ['REFUSED']
  [174/278] black            #138    whitespace           1 findings ['CRASHED']
  [175/278] black            #138    is_python36          1 findings ['CONFIRMED']
  [176/278] black            #161    test_check_diff_use_ 0 findings []
  [177/278] black            #161    reformat_one         1 findings ['REFUSED']
  [178/278] black            #161    main                 1 findings ['CRASHED']
  [179/278] black            #163    test_read_cache_line 0 findings []
  [180/278] black            #163    test_cache_broken_fi 0 findings []
  [181/278] black            #163    read_cache           1 findings ['REFUSED']
  [182/278] black            #165    test_python37        1 findings ['REFUSED']
  [183/278] black            #165    generate_tokens      0 findings []
  [184/278] black            #165    f                    0 findings []
  [185/278] black            #166    foo                  0 findings []
  [186/278] black            #166    test_comment_in_deco 1 findings ['CONFIRMED']
  [187/278] black            #166    _maybe_empty_lines   1 findings ['REFUSED']
  [188/278] click            #83     main                 1 findings ['REFUSED']
  [189/278] click            #83     command              1 findings ['REFUSED']
  [190/278] click            #83     __init__             1 findings ['REFUSED']
  [191/278] click            #95     progressbar          0 findings []
  [192/278] click            #95     echo                 1 findings ['REFUSED']
  [193/278] click            #240    test_wrapping_long_o 0 findings []
  [194/278] click            #240    command              0 findings []
  [195/278] click            #240    wrap_text            1 findings ['CONFIRMED']
  [196/278] records          #43     first                2 findings ['CONFIRMED', 'REFUTED']
  [197/278] records          #43     isexception          1 findings ['REFUTED']
  [198/278] records          #43     test_first_raises_de 1 findings ['CONFIRMED']
  [199/278] records          #55     test_record_dir      1 findings ['REFUSED']
  [200/278] records          #55     __dir__              1 findings ['CONFIRMED']
  [201/278] records          #55     check_id             1 findings ['CONFIRMED']
  [202/278] records          #58     test_failing_transac 0 findings []
  [203/278] records          #58     test_passing_transac 1 findings ['CRASHED']
  [204/278] records          #58     transaction          1 findings ['CONFIRMED']
  [205/278] records          #118    test_record_duplicat 1 findings ['CONFIRMED']
  [206/278] records          #118    __getitem__          1 findings ['CONFIRMED']
  [207/278] records          #119    transaction          1 findings ['REFUSED']
  [208/278] records          #119    test_failing_transac 1 findings ['CRASHED']
  [209/278] records          #119    test_passing_transac 1 findings ['REFUSED']
  [210/278] records          #126    scalar               1 findings ['REFUTED']
  [211/278] records          #126    test_scalar_returns_ 1 findings ['CONFIRMED']
  [212/278] records          #126    test_scalar_defaults 1 findings ['CONFIRMED']
  [213/278] records          #127    first                1 findings ['REFUTED']
  [214/278] records          #127    one                  1 findings ['REFUTED']
  [215/278] records          #127    test_one_raises_defa 1 findings ['REFUTED']
  [216/278] records          #140    cli                  1 findings ['REFUSED']
  [217/278] records          #140    print_bytes          1 findings ['REFUSED']
  [218/278] records          #140    run                  1 findings ['REFUSED']
  [219/278] records          #143    cli                  0 findings []
  [220/278] records          #143    print_bytes          1 findings ['REFUSED']
  [221/278] records          #143    run                  2 findings ['REFUSED', 'REFUSED']
  [222/278] records          #147    db                   1 findings ['REFUTED']
  [223/278] records          #147    foo_table            2 findings ['CONFIRMED', 'CONFIRMED']
  [224/278] records          #147    test_plain_conn      1 findings ['CONFIRMED']
  [225/278] gunicorn         #206    prepare_env          1 findings ['REFUSED']
  [226/278] gunicorn         #206    log_request          1 findings ['REFUSED']
  [227/278] gunicorn         #206    sendfile             1 findings ['REFUSED']
  [228/278] gunicorn         #257    set_body_reader      1 findings ['REFUSED']
  [229/278] gunicorn         #257    log_request          2 findings ['CONFIRMED', 'CONFIRMED']
  [230/278] gunicorn         #257    status               1 findings ['CONFIRMED']
  [231/278] gunicorn         #471    set_options          1 findings ['REFUSED']
  [232/278] gunicorn         #471    on_starting          1 findings ['REFUTED']
  [233/278] gunicorn         #471    on_reload            0 findings []
  [234/278] gunicorn         #552    load_config_from_fil 1 findings ['REFUSED']
  [235/278] gunicorn         #552    test_default_config_ 1 findings ['REFUSED']
  [236/278] gunicorn         #552    load_config          1 findings ['REFUSED']
  [237/278] gunicorn         #555    init_process         1 findings ['CONFIRMED']
  [238/278] gunicorn         #555    post_init            0 findings []
  [239/278] gunicorn         #556    init_process         1 findings ['REFUTED']
  [240/278] gunicorn         #556    post_worker_init     0 findings []
  [241/278] gunicorn         #583    handle_request       1 findings ['CONFIRMED']
  [242/278] gunicorn         #583    handle_request       1 findings ['REFUSED']
  [243/278] gunicorn         #601    env                  1 findings ['CONFIRMED']
  [244/278] gunicorn         #601    reload               1 findings ['REFUSED']
  [245/278] gunicorn         #601    validate_chdir       1 findings ['REFUSED']
  [246/278] gunicorn         #673    setup                1 findings ['REFUSED']
  [247/278] gunicorn         #673    parse_syslog_address 1 findings ['REFUSED']
  [248/278] gunicorn         #673    _set_handler         1 findings ['REFUSED']
  [249/278] gunicorn         #690    handle_error         1 findings ['CONFIRMED']
  [250/278] gunicorn         #690    init_process         0 findings []
  [251/278] gunicorn         #690    write_error          1 findings ['CONFIRMED']
  [252/278] responses        #4      _on_request          1 findings ['REFUSED']
  [253/278] responses        #4      test_match_querystri 1 findings ['CONFIRMED']
  [254/278] responses        #4      test_response        1 findings ['REFUSED']
  [255/278] responses        #18     test_activate_doesnt 1 findings ['CRASHED']
  [256/278] responses        #18     test_activate_doesnt 0 findings []
  [257/278] responses        #18     test_function        0 findings []
  [258/278] responses        #22     test_throw_connectio 1 findings ['CONFIRMED']
  [259/278] responses        #22     run                  0 findings []
  [260/278] responses        #22     _on_request          1 findings ['REFUSED']
  [261/278] responses        #24     test_callback        1 findings ['REFUSED']
  [262/278] responses        #24     _on_request          1 findings ['REFUSED']
  [263/278] responses        #24     add_callback         1 findings ['CONFIRMED']
  [264/278] responses        #35     _on_request          1 findings ['CRASHED']
  [265/278] responses        #35     test_callback        1 findings ['CONFIRMED']
  [266/278] responses        #35     run                  1 findings ['CONFIRMED']
  [267/278] responses        #36     test_responses_as_co 1 findings ['REFUSED']
  [268/278] responses        #36     run                  0 findings []
  [269/278] responses        #36     __exit__             1 findings ['CONFIRMED']
  [270/278] responses        #43     get_wrapped          1 findings ['REFUTED']
  [271/278] responses        #43     test_activate_doesnt 0 findings []
  [272/278] responses        #43     test_activate_doesnt 0 findings []
  [273/278] responses        #45     test_assert_all_requ 1 findings ['CRASHED']
  [274/278] responses        #45     run                  0 findings []
  [275/278] responses        #45     _find_match          1 findings ['REFUSED']
  [276/278] responses        #46     test_response_cookie 1 findings ['REFUSED']
  [277/278] responses        #46     _on_request          1 findings ['REFUSED']
  [278/278] responses        #46     run                  0 findings []

  278 requests, 229 findings, each with an executed snippet

    CONFIRMED   89  38.9%
    REFUTED     13   5.7%
    CRASHED     28  12.2%
    REFUSED     99  43.2%

  the gate publishes only CONFIRMED: 89/229 survive, 0.54 per pull request
